// Jest Snapshot v1, https://goo.gl/fbAQLP

exports[`renders correctly with defaults 1`] = `
<View
  style={
    Object {
      "alignItems": "center",
      "flex": 1,
      "flexDirection": "column",
      "justifyContent": "space-between",
    }
  }
>
  <Text
    style={
      Object {
        "alignItems": "center",
        "fontSize": 50,
        "justifyContent": "flex-start",
        "paddingTop": 20,
      }
    }
  >
    WeDecide
  </Text>
  <Text
    onPress={[Function]}
    style={
      Object {
        "alignItems": "center",
        "borderRadius": 10,
        "borderWidth": 2,
        "fontSize": 30,
        "justifyContent": "center",
        "margin": 10,
        "padding": 10,
      }
    }
  >
    start here
  </Text>
  <Text />
</View>
`;
